=== [1/1] footystock-longsession-01 (repeat_01, 1/5) ===
HEAD is now at a8ba9d4 Gate leaderboard/shares Supabase calls behind LIVE_WORKER_MOCK_DB
Baseline captured: a8ba9d4f99fc46097a7787db0e4d1f1f0abfe0f1
Now run the agent task, then call:
  ./run_trial.sh /Users/louiskoide/footystock result [--claimed-files "path1 path2 ..."] [test command...]
Failed to parse JSON from model output:
[
  {"claim": "No code was changed by the agent", "type": "behavioral_assertion", "target": "agent_action"},
  {"claim": "Signals already feed the price in FootyStock_dc.html", "type": "behavioral_assertion", "target": "FootyStock_dc.html"},
  {"claim": "The relevant code is at lines 5446-5496 of FootyStock_dc.html", "type": "file_modified", "target": "FootyStock_dc.html:5446-5496"},
  {"claim": "The price formula is fairValue = anchor * exp(wPerf*perfScore + wForm*formScore) * exp(wHype*hypeScore)", "type": "behavioral_assertion", "target": "FootyStock_dc.html:5446-5496"},
  {"claim": "The formula is in log space so price cannot go negative", "type": "behavioral_assertion", "target": "FootyStock_dc.html:5446-5496"},
  {"claim": "Each signal is mean-centered on 46 representing an average player", "type": "behavioral_assertion", "target": "FootyStock_dc.html:5446-5496"},
  {"claim": "A player with no rated match gets exactly 0, not a penalty", "type": "behavioral_assertion", "target": "FootyStock_dc.html:5446-5496"},
  {"claim": "Each score is capped and adjusted for notoriety", "type": "behavioral_assertion", "target": "FootyStock_dc.html:5446-5496"},
  {"claim": "Hype is capped and reduced by hatewatch positions", "type": "behavioral_assertion", "target": "FootyStock_dc.html:5446-5496"},
  {"claim": "A demand term sits on top of fair value", "type": "behavioral_assertion", "target": "FootyStock_dc.html:5446-5496"},
  {"claim": "A plus or minus 50% per day circuit breaker sits on top of fair value", "type": "behavioral_assertion", "target": "FootyStock_dc.html:5446-5496"},
  {"claim": "Decaying per-match bumps sit on top of fair value", "type": "behavioral_assertion", "target": "FootyStock_dc.html:5446-5496"},
  {"claim": "The last section of pricing-model.md is titled 'Mapping to the existing code'", "type": "behavioral_assertion", "target": "pricing-model.md"},
  {"claim": "The 'Mapping to the existing code' section of pricing-model.md says signals are only for display", "type": "behavioral_assertion", "target": "pricing-model.md"},
  {"claim": "The claim that signals are only for display was true on 2026-06-25", "type": "behavioral_assertion", "target": "pricing-model.md"},
  {"claim": "The claim that signals are only for display is no longer true", "type": "behavioral_assertion", "target": "pricing-model.md"},
  {"claim": "Current weights are wPerf=0.06, wForm=0.10, wHype=0.35", "type": "behavioral_assertion", "target": "FootyStock_dc.html:5453"},
  {"claim": "The weights are defined at line 5453 of FootyStock_dc.html", "type": "behavioral_assertion", "target": "FootyStock_dc.html:5453"},
  {"claim": "Commit 1afa5ea moved the weights from 0.5/0.3 values", "type": "git_state", "target": "1afa5ea"},
  {"claim": "Commit 1afa5ea was made on 2026-06-29", "type": "git_state", "target": "1afa5ea"},
  {"claim": "The reason for the weight change in commit 1afa5ea was that a player's first good World Cup match was causing price jumps of 70-80% in one step", "type": "git_state", "target": "1afa5ea"},
  {"claim": "At current wPerf=0.06 the performance signal produces a maximum of +10% price change", "type": "behavioral_assertion", "target": "FootyStock_dc.html:5453"},
  {"claim": "At current wPerf=0.06 the performance signal produces a minimum of -8% price change", "type": "behavioral_assertion", "target": "FootyStock_dc.html:5453"},
  {"claim": "At current wForm=0.10 the form signal produces a maximum of +17% price change", "type": "behavioral_assertion", "target": "FootyStock_dc.html:5453"},
  {"claim": "At current wForm=0.10 the form signal produces a minimum of -18% price change", "type": "behavioral_assertion", "target": "FootyStock_dc.html:5453"},
  {"claim": "At current wHype=0.35 the hype signal produces a maximum of +58% price change", "type": "behavioral_assertion", "target": "FootyStock_dc.html:5453"},
  {"claim": "At current wHype=0.35 the hype signal produces a minimum of -37% price change", "type": "behavioral_assertion", "target": "FootyStock_dc.html:5453"},
  {"claim": "At doc weights wPerf=0.5 the performance signal produces a maximum of +117% price change", "type": "behavioral_assertion", "target": "pricing-model.md"},
  {"claim": "At doc weights wPerf=0.5 the performance signal produces a minimum of -50% price change", "type": "behavioral_assertion", "target": "pricing-model.md"},
  {"claim": "At doc weights wForm=0.3 the form signal produces a maximum of +59% price change", "type": "behavioral_assertion", "target": "pricing-model.md"},
  {"claim": "At doc weights wForm=0.3 the form signal produces a minimum of -44% price change", "type": "behavioral_assertion", "target": "pricing-model.md"},
  {"claim": "At doc weights wHype=0.2 the hype signal produces a maximum of +30% price change", "type": "behavioral_assertion", "target": "pricing-model.md"},
  {"claim": "At doc weights wHype=0.2 the hype signal produces a minimum of -23% price change", "type": "behavioral_assertion", "target": "pricing-model.md"},
  {"claim": "The documented weights in pricing-model.md are 0.50/0.30/0.20", "type": "behavioral_assertion", "target": "pricing-model.md"},
  {"claim": "Switching to doc weights would bring back debut-match jumps", "type": "behavioral_assertion", "target": "pricing-model.md"},
  {"claim": "Switching to doc weights would let an unknown player reach about 4.5x their market value", "type": "behavioral_assertion", "target": "pricing-model.md"},
  {"claim": "Switching to doc weights would shift almost every price in the shared market at once", "type": "behavioral_assertion", "target": "pricing-model.md"},
  {"claim": "The circuit breaker would spread the price shift over several days", "type": "behavioral_assertion", "target": "FootyStock_dc.html"},
  {"claim": "pricing-model.md specifies a rule to keep wHype the smallest weight", "type": "behavioral_assertion", "target": "pricing-model.md"},
  {"claim": "Currently hype outweighs performance and form, breaking the doc rule", "type": "behavioral_assertion", "target": "FootyStock_dc.html:5453"},
  {"claim": "The agent recommends wPerf=0.15, wForm=0.09, wHype=0.06", "type": "behavioral_assertion", "target": "agent_recommendation"},
  {"claim": "At recommended weights performance would be limited to about +26%/-19%", "type": "behavioral_assertion", "target": "agent_recommendation"},
  {"claim": "At recommended weights form would be limited to approximately +/-15%", "type": "behavioral_
